../Core/Src/main.c:68:13:uart_print	16	static
../Core/Src/main.c:78:6:SystemClock_Config	88	static
../Core/Src/main.c:107:13:set_spi_speed_slow	8	static
../Core/Src/main.c:113:13:set_spi_speed_fast	8	static
../Core/Src/main.c:119:24:get_tx_timestamp_u64	48	static
../Core/Src/main.c:128:24:get_rx_timestamp_u64	48	static
../Core/Src/main.c:137:17:final_msg_get_ts	112	static
../Core/Src/main.c:148:23:timestamp_diff	72	static
../Core/Src/main.c:165:13:scan_cs_ports	120	static
../Core/Src/main.c:195:12:init_cs	136	static
../Core/Src/main.c:235:5:main	440	static
../Core/Src/main.c:455:6:Error_Handler	4	static,ignoring_inline_asm
